// Jest Snapshot v1, https://goo.gl/fbAQLP

exports[`renders homepage unchanged 1`] = `
<div>
  <div
    class="container"
  >
    <main
      class="main"
    >
      <h1
        class="title"
      >
        Welcome to 
        <a
          href="/"
        >
          Let's Movie Session!
        </a>
      </h1>
      <p
        class="description"
      >
        Get started by picking a 
         
        <code
          class="code"
        >
          use case
        </code>
      </p>
      <div
        class="grid"
      >
        <div
          class="card"
          href="/signup"
        >
          <h2>
            SignUp →
          </h2>
          <p>
            User-facing SignUp component with tests for a hook UI component
          </p>
        </div>
        <div
          class="card"
          href="/admin"
        >
          <h2>
            Admin →
          </h2>
          <p>
            Admin-facing list of registered users and user's selected movie and cinema session dates and seat number (no tests required here)
          </p>
        </div>
      </div>
    </main>
  </div>
</div>
`;
